// Jest Snapshot v1, https://goo.gl/fbAQLP

exports[`coblocks/hero should render 1`] = `
"<!-- wp:coblocks/hero -->
<div class=\\"wp-block-coblocks-hero alignfull\\"><div class=\\"wp-block-coblocks-hero__inner hero-center-left-align has-padding has-huge-padding\\" style=\\"min-height:500px\\"><div class=\\"wp-block-coblocks-hero__content-wrapper\\"><div class=\\"wp-block-coblocks-hero__content\\" style=\\"max-width:560px\\"></div></div></div></div>
<!-- /wp:coblocks/hero -->"
`;

exports[`coblocks/hero should render with fullscreen & layout attributes 1`] = `
"<!-- wp:coblocks/hero {\\"layout\\":\\"top-left\\",\\"fullscreen\\":\\"true\\"} -->
<div class=\\"wp-block-coblocks-hero alignfull\\"><div class=\\"wp-block-coblocks-hero__inner hero-top-left-align has-padding has-huge-padding is-fullscreen\\"><div class=\\"wp-block-coblocks-hero__content-wrapper\\"><div class=\\"wp-block-coblocks-hero__content\\" style=\\"max-width:560px\\"></div></div></div></div>
<!-- /wp:coblocks/hero -->"
`;

exports[`coblocks/hero should render with fullscreen & layout attributes 2`] = `
"<!-- wp:coblocks/hero {\\"layout\\":\\"top-center\\",\\"fullscreen\\":\\"true\\"} -->
<div class=\\"wp-block-coblocks-hero alignfull\\"><div class=\\"wp-block-coblocks-hero__inner hero-top-center-align has-padding has-huge-padding is-fullscreen\\"><div class=\\"wp-block-coblocks-hero__content-wrapper\\"><div class=\\"wp-block-coblocks-hero__content\\" style=\\"max-width:560px\\"></div></div></div></div>
<!-- /wp:coblocks/hero -->"
`;

exports[`coblocks/hero should render with fullscreen & layout attributes 3`] = `
"<!-- wp:coblocks/hero {\\"layout\\":\\"top-right\\",\\"fullscreen\\":\\"true\\"} -->
<div class=\\"wp-block-coblocks-hero alignfull\\"><div class=\\"wp-block-coblocks-hero__inner hero-top-right-align has-padding has-huge-padding is-fullscreen\\"><div class=\\"wp-block-coblocks-hero__content-wrapper\\"><div class=\\"wp-block-coblocks-hero__content\\" style=\\"max-width:560px\\"></div></div></div></div>
<!-- /wp:coblocks/hero -->"
`;

exports[`coblocks/hero should render with fullscreen & layout attributes 4`] = `
"<!-- wp:coblocks/hero {\\"fullscreen\\":\\"true\\"} -->
<div class=\\"wp-block-coblocks-hero alignfull\\"><div class=\\"wp-block-coblocks-hero__inner hero-center-left-align has-padding has-huge-padding is-fullscreen\\"><div class=\\"wp-block-coblocks-hero__content-wrapper\\"><div class=\\"wp-block-coblocks-hero__content\\" style=\\"max-width:560px\\"></div></div></div></div>
<!-- /wp:coblocks/hero -->"
`;

exports[`coblocks/hero should render with fullscreen & layout attributes 5`] = `
"<!-- wp:coblocks/hero {\\"layout\\":\\"center-center\\",\\"fullscreen\\":\\"true\\"} -->
<div class=\\"wp-block-coblocks-hero alignfull\\"><div class=\\"wp-block-coblocks-hero__inner hero-center-center-align has-padding has-huge-padding is-fullscreen\\"><div class=\\"wp-block-coblocks-hero__content-wrapper\\"><div class=\\"wp-block-coblocks-hero__content\\" style=\\"max-width:560px\\"></div></div></div></div>
<!-- /wp:coblocks/hero -->"
`;

exports[`coblocks/hero should render with fullscreen & layout attributes 6`] = `
"<!-- wp:coblocks/hero {\\"layout\\":\\"center-right\\",\\"fullscreen\\":\\"true\\"} -->
<div class=\\"wp-block-coblocks-hero alignfull\\"><div class=\\"wp-block-coblocks-hero__inner hero-center-right-align has-padding has-huge-padding is-fullscreen\\"><div class=\\"wp-block-coblocks-hero__content-wrapper\\"><div class=\\"wp-block-coblocks-hero__content\\" style=\\"max-width:560px\\"></div></div></div></div>
<!-- /wp:coblocks/hero -->"
`;

exports[`coblocks/hero should render with fullscreen & layout attributes 7`] = `
"<!-- wp:coblocks/hero {\\"layout\\":\\"bottom-left\\",\\"fullscreen\\":\\"true\\"} -->
<div class=\\"wp-block-coblocks-hero alignfull\\"><div class=\\"wp-block-coblocks-hero__inner hero-bottom-left-align has-padding has-huge-padding is-fullscreen\\"><div class=\\"wp-block-coblocks-hero__content-wrapper\\"><div class=\\"wp-block-coblocks-hero__content\\" style=\\"max-width:560px\\"></div></div></div></div>
<!-- /wp:coblocks/hero -->"
`;

exports[`coblocks/hero should render with fullscreen & layout attributes 8`] = `
"<!-- wp:coblocks/hero {\\"layout\\":\\"bottom-center\\",\\"fullscreen\\":\\"true\\"} -->
<div class=\\"wp-block-coblocks-hero alignfull\\"><div class=\\"wp-block-coblocks-hero__inner hero-bottom-center-align has-padding has-huge-padding is-fullscreen\\"><div class=\\"wp-block-coblocks-hero__content-wrapper\\"><div class=\\"wp-block-coblocks-hero__content\\" style=\\"max-width:560px\\"></div></div></div></div>
<!-- /wp:coblocks/hero -->"
`;

exports[`coblocks/hero should render with fullscreen & layout attributes 9`] = `
"<!-- wp:coblocks/hero {\\"layout\\":\\"bottom-right\\",\\"fullscreen\\":\\"true\\"} -->
<div class=\\"wp-block-coblocks-hero alignfull\\"><div class=\\"wp-block-coblocks-hero__inner hero-bottom-right-align has-padding has-huge-padding is-fullscreen\\"><div class=\\"wp-block-coblocks-hero__content-wrapper\\"><div class=\\"wp-block-coblocks-hero__content\\" style=\\"max-width:560px\\"></div></div></div></div>
<!-- /wp:coblocks/hero -->"
`;
